Microsoft Windows [Version 10.0.19045.4170]
(c) Microsoft Corporation. All rights reserved.

C:\Users\GC\Desktop\Github Debugshala\DebugshalaGithubSession>git status
On branch main
Your branch is up to date with 'origin/main'.

Untracked files:
  (use "git add <file>..." to include in what will be committed)
        hello.txt

nothing added to commit but untracked files present (use "git add" to track)

C:\Users\GC\Desktop\Github Debugshala\DebugshalaGithubSession>git add .

C:\Users\GC\Desktop\Github Debugshala\DebugshalaGithubSession>git commit -m"16/04/2024 new file"
[main 1fcf43e] 16/04/2024 new file
 1 file changed, 0 insertions(+), 0 deletions(-)
 create mode 100644 hello.txt

C:\Users\GC\Desktop\Github Debugshala\DebugshalaGithubSession>git push
Enumerating objects: 4, done.
Counting objects: 100% (4/4), done.
Delta compression using up to 8 threads
Compressing objects: 100% (2/2), done.
Writing objects: 100% (3/3), 323 bytes | 323.00 KiB/s, done.
Total 3 (delta 0), reused 0 (delta 0), pack-reused 0
To https://github.com/sanidhyaj369/DebugshalaGithubSession.git
   94ae61d..1fcf43e  main -> main

C:\Users\GC\Desktop\Github Debugshala\DebugshalaGithubSession>